Archive member included to satisfy reference by file (symbol)

C:/ST/STM32CubeIDE_1.15.1/STM32CubeIDE/plugins/com.st.stm32cube.ide.mcu.externaltools.gnu-tools-for-stm32.12.3.rel1.win32_1.0.100.202403111256/tools/bin/../lib/gcc/arm-none-eabi/12.3.1/../../../../arm-none-eabi/lib/thumb/v7e-m+fp/hard\libc_nano.a(libc_a-exit.o)
                              C:/ST/STM32CubeIDE_1.15.1/STM32CubeIDE/plugins/com.st.stm32cube.ide.mcu.externaltools.gnu-tools-for-stm32.12.3.rel1.win32_1.0.100.202403111256/tools/bin/../lib/gcc/arm-none-eabi/12.3.1/../../../../arm-none-eabi/lib/thumb/v7e-m+fp/hard/crt0.o (exit)
C:/ST/STM32CubeIDE_1.15.1/STM32CubeIDE/plugins/com.st.stm32cube.ide.mcu.externaltools.gnu-tools-for-stm32.12.3.rel1.win32_1.0.100.202403111256/tools/bin/../lib/gcc/arm-none-eabi/12.3.1/../../../../arm-none-eabi/lib/thumb/v7e-m+fp/hard\libc_nano.a(libc_a-findfp.o)
                              C:/ST/STM32CubeIDE_1.15.1/STM32CubeIDE/plugins/com.st.stm32cube.ide.mcu.externaltools.gnu-tools-for-stm32.12.3.rel1.win32_1.0.100.202403111256/tools/bin/../lib/gcc/arm-none-eabi/12.3.1/../../../../arm-none-eabi/lib/thumb/v7e-m+fp/hard\libc_nano.a(libc_a-exit.o) (__stdio_exit_handler)
C:/ST/STM32CubeIDE_1.15.1/STM32CubeIDE/plugins/com.st.stm32cube.ide.mcu.externaltools.gnu-tools-for-stm32.12.3.rel1.win32_1.0.100.202403111256/tools/bin/../lib/gcc/arm-none-eabi/12.3.1/../../../../arm-none-eabi/lib/thumb/v7e-m+fp/hard\libc_nano.a(libc_a-fwalk.o)
                              C:/ST/STM32CubeIDE_1.15.1/STM32CubeIDE/plugins/com.st.stm32cube.ide.mcu.externaltools.gnu-tools-for-stm32.12.3.rel1.win32_1.0.100.202403111256/tools/bin/../lib/gcc/arm-none-eabi/12.3.1/../../../../arm-none-eabi/lib/thumb/v7e-m+fp/hard\libc_nano.a(libc_a-findfp.o) (_fwalk_sglue)
C:/ST/STM32CubeIDE_1.15.1/STM32CubeIDE/plugins/com.st.stm32cube.ide.mcu.externaltools.gnu-tools-for-stm32.12.3.rel1.win32_1.0.100.202403111256/tools/bin/../lib/gcc/arm-none-eabi/12.3.1/../../../../arm-none-eabi/lib/thumb/v7e-m+fp/hard\libc_nano.a(libc_a-stdio.o)
                              C:/ST/STM32CubeIDE_1.15.1/STM32CubeIDE/plugins/com.st.stm32cube.ide.mcu.externaltools.gnu-tools-for-stm32.12.3.rel1.win32_1.0.100.202403111256/tools/bin/../lib/gcc/arm-none-eabi/12.3.1/../../../../arm-none-eabi/lib/thumb/v7e-m+fp/hard\libc_nano.a(libc_a-findfp.o) (__sread)
C:/ST/STM32CubeIDE_1.15.1/STM32CubeIDE/plugins/com.st.stm32cube.ide.mcu.externaltools.gnu-tools-for-stm32.12.3.rel1.win32_1.0.100.202403111256/tools/bin/../lib/gcc/arm-none-eabi/12.3.1/../../../../arm-none-eabi/lib/thumb/v7e-m+fp/hard\libc_nano.a(libc_a-memset.o)
                              C:/ST/STM32CubeIDE_1.15.1/STM32CubeIDE/plugins/com.st.stm32cube.ide.mcu.externaltools.gnu-tools-for-stm32.12.3.rel1.win32_1.0.100.202403111256/tools/bin/../lib/gcc/arm-none-eabi/12.3.1/../../../../arm-none-eabi/lib/thumb/v7e-m+fp/hard/crt0.o (memset)
C:/ST/STM32CubeIDE_1.15.1/STM32CubeIDE/plugins/com.st.stm32cube.ide.mcu.externaltools.gnu-tools-for-stm32.12.3.rel1.win32_1.0.100.202403111256/tools/bin/../lib/gcc/arm-none-eabi/12.3.1/../../../../arm-none-eabi/lib/thumb/v7e-m+fp/hard\libc_nano.a(libc_a-closer.o)
                              C:/ST/STM32CubeIDE_1.15.1/STM32CubeIDE/plugins/com.st.stm32cube.ide.mcu.externaltools.gnu-tools-for-stm32.12.3.rel1.win32_1.0.100.202403111256/tools/bin/../lib/gcc/arm-none-eabi/12.3.1/../../../../arm-none-eabi/lib/thumb/v7e-m+fp/hard\libc_nano.a(libc_a-stdio.o) (_close_r)
C:/ST/STM32CubeIDE_1.15.1/STM32CubeIDE/plugins/com.st.stm32cube.ide.mcu.externaltools.gnu-tools-for-stm32.12.3.rel1.win32_1.0.100.202403111256/tools/bin/../lib/gcc/arm-none-eabi/12.3.1/../../../../arm-none-eabi/lib/thumb/v7e-m+fp/hard\libc_nano.a(libc_a-reent.o)
                              C:/ST/STM32CubeIDE_1.15.1/STM32CubeIDE/plugins/com.st.stm32cube.ide.mcu.externaltools.gnu-tools-for-stm32.12.3.rel1.win32_1.0.100.202403111256/tools/bin/../lib/gcc/arm-none-eabi/12.3.1/../../../../arm-none-eabi/lib/thumb/v7e-m+fp/hard\libc_nano.a(libc_a-closer.o) (errno)
C:/ST/STM32CubeIDE_1.15.1/STM32CubeIDE/plugins/com.st.stm32cube.ide.mcu.externaltools.gnu-tools-for-stm32.12.3.rel1.win32_1.0.100.202403111256/tools/bin/../lib/gcc/arm-none-eabi/12.3.1/../../../../arm-none-eabi/lib/thumb/v7e-m+fp/hard\libc_nano.a(libc_a-impure.o)
                              C:/ST/STM32CubeIDE_1.15.1/STM32CubeIDE/plugins/com.st.stm32cube.ide.mcu.externaltools.gnu-tools-for-stm32.12.3.rel1.win32_1.0.100.202403111256/tools/bin/../lib/gcc/arm-none-eabi/12.3.1/../../../../arm-none-eabi/lib/thumb/v7e-m+fp/hard\libc_nano.a(libc_a-reent.o) (_impure_ptr)
C:/ST/STM32CubeIDE_1.15.1/STM32CubeIDE/plugins/com.st.stm32cube.ide.mcu.externaltools.gnu-tools-for-stm32.12.3.rel1.win32_1.0.100.202403111256/tools/bin/../lib/gcc/arm-none-eabi/12.3.1/../../../../arm-none-eabi/lib/thumb/v7e-m+fp/hard\libc_nano.a(libc_a-lseekr.o)
[...]
Memory Configuration

Name             Origin             Length             Attributes
RAM              0x20000000         0x00020000         xrw
FLASH            0x08000000         0x00080000         xr
*default*        0x00000000         0xffffffff

Linker script and memory map

LOAD C:/ST/STM32CubeIDE_1.15.1/STM32CubeIDE/plugins/com.st.stm32cube.ide.mcu.externaltools.gnu-tools-for-stm32.12.3.rel1.win32_1.0.100.202403111256/tools/bin/../lib/gcc/arm-none-eabi/12.3.1/thumb/v7e-m+fp/hard/crti.o
LOAD C:/ST/STM32CubeIDE_1.15.1/STM32CubeIDE/plugins/com.st.stm32cube.ide.mcu.externaltools.gnu-tools-for-stm32.12.3.rel1.win32_1.0.100.202403111256/tools/bin/../lib/gcc/arm-none-eabi/12.3.1/thumb/v7e-m+fp/hard/crtbegin.o
LOAD C:/ST/STM32CubeIDE_1.15.1/STM32CubeIDE/plugins/com.st.stm32cube.ide.mcu.externaltools.gnu-tools-for-stm32.12.3.rel1.win32_1.0.100.202403111256/tools/bin/../lib/gcc/arm-none-eabi/12.3.1/../../../../arm-none-eabi/lib/thumb/v7e-m+fp/hard/crt0.o
LOAD ./Core/Src/crc8.o
LOAD ./Core/Src/frame_parser.o
LOAD ./Core/Src/main.o
LOAD ./Core/Src/ring_buf.o
LOAD ./Core/Src/stm32g4xx_hal_msp.o
LOAD ./Core/Src/stm32g4xx_it.o
LOAD ./Core/Src/syscalls.o
LOAD ./Core/Src/sysmem.o
LOAD ./Core/Src/system_stm32g4xx.o
LOAD ./Core/Src/usart_dma.o
LOAD ./Core/Startup/startup_stm32g474retx.o
LOAD ./Drivers/STM32G4xx_HAL_Driver/Src/stm32g4xx_hal.o
LOAD ./Drivers/STM32G4xx_HAL_Driver/Src/stm32g4xx_hal_cortex.o
LOAD ./Drivers/STM32G4xx_HAL_Driver/Src/stm32g4xx_hal_dma.o
LOAD ./Drivers/STM32G4xx_HAL_Driver/Src/stm32g4xx_hal_dma_ex.o
LOAD ./Drivers/STM32G4xx_HAL_Driver/Src/stm32g4xx_hal_exti.o
LOAD ./Drivers/STM32G4xx_HAL_Driver/Src/stm32g4xx_hal_flash.o
LOAD ./Drivers/STM32G4xx_HAL_Driver/Src/stm32g4xx_hal_flash_ex.o
LOAD ./Drivers/STM32G4xx_HAL_Driver/Src/stm32g4xx_hal_flash_ramfunc.o
LOAD ./Drivers/STM32G4xx_HAL_Driver/Src/stm32g4xx_hal_gpio.o
LOAD ./Drivers/STM32G4xx_HAL_Driver/Src/stm32g4xx_hal_pwr.o
LOAD ./Drivers/STM32G4xx_HAL_Driver/Src/stm32g4xx_hal_pwr_ex.o
LOAD ./Drivers/STM32G4xx_HAL_Driver/Src/stm32g4xx_hal_rcc.o
LOAD ./Drivers/STM32G4xx_HAL_Driver/Src/stm32g4xx_hal_rcc_ex.o
LOAD ./Drivers/STM32G4xx_HAL_Driver/Src/stm32g4xx_hal_tim.o
LOAD ./Drivers/STM32G4xx_HAL_Driver/Src/stm32g4xx_hal_tim_ex.o
LOAD ./Drivers/STM32G4xx_HAL_Driver/Src/stm32g4xx_hal_uart.o
LOAD ./Drivers/STM32G4xx_HAL_Driver/Src/stm32g4xx_hal_uart_ex.o
START GROUP
LOAD C:/ST/STM32CubeIDE_1.15.1/STM32CubeIDE/plugins/com.st.stm32cube.ide.mcu.externaltools.gnu-tools-for-stm32.12.3.rel1.win32_1.0.100.202403111256/tools/bin/../lib/gcc/arm-none-eabi/12.3.1/../../../../arm-none-eabi/lib/thumb/v7e-m+fp/hard\libc_nano.a
LOAD C:/ST/STM32CubeIDE_1.15.1/STM32CubeIDE/plugins/com.st.stm32cube.ide.mcu.externaltools.gnu-tools-for-stm32.12.3.rel1.win32_1.0.100.202403111256/tools/bin/../lib/gcc/arm-none-eabi/12.3.1/../../../../arm-none-eabi/lib/thumb/v7e-m+fp/hard\libm.a
END GROUP
START GROUP
LOAD C:/ST/STM32CubeIDE_1.15.1/STM32CubeIDE/plugins/com.st.stm32cube.ide.mcu.externaltools.gnu-tools-for-stm32.12.3.rel1.win32_1.0.100.202403111256/tools/bin/../lib/gcc/arm-none-eabi/12.3.1/thumb/v7e-m+fp/hard\libgcc.a
LOAD C:/ST/STM32CubeIDE_1.15.1/STM32CubeIDE/plugins/com.st.stm32cube.ide.mcu.externaltools.gnu-tools-for-stm32.12.3.rel1.win32_1.0.100.202403111256/tools/bin/../lib/gcc/arm-none-eabi/12.3.1/../../../../arm-none-eabi/lib/thumb/v7e-m+fp/hard\libc_nano.a
END GROUP
START GROUP
LOAD C:/ST/STM32CubeIDE_1.15.1/STM32CubeIDE/plugins/com.st.stm32cube.ide.mcu.externaltools.gnu-tools-for-stm32.12.3.rel1.win32_1.0.100.202403111256/tools/bin/../lib/gcc/arm-none-eabi/12.3.1/thumb/v7e-m+fp/hard\libgcc.a
LOAD C:/ST/STM32CubeIDE_1.15.1/STM32CubeIDE/plugins/com.st.stm32cube.ide.mcu.externaltools.gnu-tools-for-stm32.12.3.rel1.win32_1.0.100.202403111256/tools/bin/../lib/gcc/arm-none-eabi/12.3.1/../../../../arm-none-eabi/lib/thumb/v7e-m+fp/hard\libc_nano.a
LOAD C:/ST/STM32CubeIDE_1.15.1/STM32CubeIDE/plugins/com.st.stm32cube.ide.mcu.externaltools.gnu-tools-for-stm32.12.3.rel1.win32_1.0.100.202403111256/tools/bin/../lib/gcc/arm-none-eabi/12.3.1/../../../../arm-none-eabi/lib/thumb/v7e-m+fp/hard\libnosys.a
END GROUP
START GROUP
LOAD C:/ST/STM32CubeIDE_1.15.1/STM32CubeIDE/plugins/com.st.stm32cube.ide.mcu.externaltools.gnu-tools-for-stm32.12.3.rel1.win32_1.0.100.202403111256/tools/bin/../lib/gcc/arm-none-eabi/12.3.1/thumb/v7e-m+fp/hard\libgcc.a
LOAD C:/ST/STM32CubeIDE_1.15.1/STM32CubeIDE/plugins/com.st.stm32cube.ide.mcu.externaltools.gnu-tools-for-stm32.12.3.rel1.win32_1.0.100.202403111256/tools/bin/../lib/gcc/arm-none-eabi/12.3.1/../../../../arm-none-eabi/lib/thumb/v7e-m+fp/hard\libc_nano.a
LOAD C:/ST/STM32CubeIDE_1.15.1/STM32CubeIDE/plugins/com.st.stm32cube.ide.mcu.externaltools.gnu-tools-for-stm32.12.3.rel1.win32_1.0.100.202403111256/tools/bin/../lib/gcc/arm-none-eabi/12.3.1/../../../../arm-none-eabi/lib/thumb/v7e-m+fp/hard\libnosys.a
END GROUP
LOAD C:/ST/STM32CubeIDE_1.15.1/STM32CubeIDE/plugins/com.st.stm32cube.ide.mcu.externaltools.gnu-tools-for-stm32.12.3.rel1.win32_1.0.100.202403111256/tools/bin/../lib/gcc/arm-none-eabi/12.3.1/thumb/v7e-m+fp/hard/crtend.o
LOAD C:/ST/STM32CubeIDE_1.15.1/STM32CubeIDE/plugins/com.st.stm32cube.ide.mcu.externaltools.gnu-tools-for-stm32.12.3.rel1.win32_1.0.100.202403111256/tools/bin/../lib/gcc/arm-none-eabi/12.3.1/thumb/v7e-m+fp/hard/crtn.o
                0x20020000                        _estack = (ORIGIN (RAM) + LENGTH (RAM))
                0x00000200                        _Min_Heap_Size = 0x200
                0x00000400                        _Min_Stack_Size = 0x400

.isr_vector     0x08000000      0x1d8
                0x08000000                        . = ALIGN (0x4)
 *(.isr_vector)
 .isr_vector    0x08000000      0x1d8 ./Core/Startup/startup_stm32g474retx.o
                0x08000000                g_pfnVectors
                0x080001d8                        . = ALIGN (0x4)

.text           0x080001d8     0x47fc
                0x080001d8                        . = ALIGN (0x4)
 *(.text)
 .text          0x080001d8       0x40 C:/ST/STM32CubeIDE_1.15.1/STM32CubeIDE/plugins/com.st.stm32cube.ide.mcu.externaltools.gnu-tools-for-stm32.12.3.rel1.win32_1.0.100.202403111256/tools/bin/../lib/gcc/arm-none-eabi/12.3.1/thumb/v7e-m+fp/hard/crtbegin.o
 .text          0x08000218       0x30 C:/ST/STM32CubeIDE_1.15.1/STM32CubeIDE/plugins/com.st.stm32cube.ide.mcu.externaltools.gnu-tools-for-stm32.12.3.rel1.win32_1.0.100.202403111256/tools/bin/../lib/gcc/arm-none-eabi/12.3.1/thumb/v7e-m+fp/hard\libgcc.a(_aeabi_uldivmod.o)
                0x08000218                __aeabi_uldivmod
 .text          0x08000248      0x2bc C:/ST/STM32CubeIDE_1.15.1/STM32CubeIDE/plugins/com.st.stm32cube.ide.mcu.externaltools.gnu-tools-for-stm32.12.3.rel1.win32_1.0.100.202403111256/tools/bin/../lib/gcc/arm-none-eabi/12.3.1/thumb/v7e-m+fp/hard\libgcc.a(_udivmoddi4.o)
                0x08000248                __udivmoddi4
 .text          0x08000504        0x4 C:/ST/STM32CubeIDE_1.15.1/STM32CubeIDE/plugins/com.st.stm32cube.ide.mcu.externaltools.gnu-tools-for-stm32.12.3.rel1.win32_1.0.100.202403111256/tools/bin/../lib/gcc/arm-none-eabi/12.3.1/thumb/v7e-m+fp/hard\libgcc.a(_dvmd_tls.o)
                0x08000504                __aeabi_idiv0
                0x08000504                __aeabi_ldiv0
 *(.text*)
 .text.crc8ccitt
                0x08000508       0x50 ./Core/Src/crc8.o
                0x08000508                crc8ccitt
 .text.frame_parser_create
                0x08000558       0xf2 ./Core/Src/frame_parser.o
                0x08000558                frame_parser_create
 .text.frame_parser_analyze
                0x0800064a       0xb4 ./Core/Src/frame_parser.o
                0x0800064a                frame_parser_analyze
 *fill*         0x080006fe        0x2 
 .text.main     0x08000700       0xe8 ./Core/Src/main.o
                0x08000700                main
 .text.SystemClock_Config
                0x080007e8       0x96 ./Core/Src/main.o
                0x080007e8                SystemClock_Config
 .text.MX_NVIC_Init
                0x0800087e       0x38 ./Core/Src/main.o
 *fill*         0x080008b6        0x2 
 .text.MX_LPUART1_UART_Init
                0x080008b8       0x94 ./Core/Src/main.o
 .text.MX_DMA_Init
                0x0800094c       0x48 ./Core/Src/main.o
 .text.MX_GPIO_Init
                0x08000994       0xdc ./Core/Src/main.o
 .text.Error_Handler
                0x08000a70        0xc ./Core/Src/main.o
                0x08000a70                Error_Handler
 .text.RB_read  0x08000a7c       0x52 ./Core/Src/ring_buf.o
                0x08000a7c                RB_read
 .text.RB_write
                0x08000ace       0x52 ./Core/Src/ring_buf.o
                0x08000ace                RB_write
 .text.HAL_MspInit
                0x08000b20       0x48 ./Core/Src/stm32g4xx_hal_msp.o
                0x08000b20                HAL_MspInit
 .text.HAL_UART_MspInit
                0x08000b68      0x168 ./Core/Src/stm32g4xx_hal_msp.o
                0x08000b68                HAL_UART_MspInit
 .text.NMI_Handler
                0x08000cd0        0x8 ./Core/Src/stm32g4xx_it.o
                0x08000cd0                NMI_Handler
 .text.HardFault_Handler
                0x08000cd8        0x8 ./Core/Src/stm32g4xx_it.o
                0x08000cd8                HardFault_Handler
 .text.MemManage_Handler
                0x08000ce0        0x8 ./Core/Src/stm32g4xx_it.o
                0x08000ce0                MemManage_Handler
 .text.BusFault_Handler
                0x08000ce8        0x8 ./Core/Src/stm32g4xx_it.o
                0x08000ce8                BusFault_Handler
 .text.UsageFault_Handler
                0x08000cf0        0x8 ./Core/Src/stm32g4xx_it.o
                0x08000cf0                UsageFault_Handler
 .text.SVC_Handler
                0x08000cf8        0xe ./Core/Src/stm32g4xx_it.o
                0x08000cf8                SVC_Handler
 .text.DebugMon_Handler
                0x08000d06        0xe ./Core/Src/stm32g4xx_it.o
                0x08000d06                DebugMon_Handler
 .text.PendSV_Handler
                0x08000d14        0xe ./Core/Src/stm32g4xx_it.o
                0x08000d14                PendSV_Handler
 .text.SysTick_Handler
                0x08000d22        0xc ./Core/Src/stm32g4xx_it.o
                0x08000d22                SysTick_Handler
 *fill*         0x08000d2e        0x2 
 .text.DMA1_Channel1_IRQHandler
                0x08000d30       0x14 ./Core/Src/stm32g4xx_it.o
                0x08000d30                DMA1_Channel1_IRQHandler
 .text.DMA1_Channel2_IRQHandler
                0x08000d44       0x14 ./Core/Src/stm32g4xx_it.o
                0x08000d44                DMA1_Channel2_IRQHandler
 .text.EXTI15_10_IRQHandler
                0x08000d58       0x10 ./Core/Src/stm32g4xx_it.o
                0x08000d58                EXTI15_10_IRQHandler
 .text.LPUART1_IRQHandler
                0x08000d68       0x14 ./Core/Src/stm32g4xx_it.o
                0x08000d68                LPUART1_IRQHandler
 .text.SystemInit
                0x08000d7c       0x24 ./Core/Src/system_stm32g4xx.o
                0x08000d7c                SystemInit
 .text.HAL_UARTEx_RxEventCallback
                0x08000da0      0x108 ./Core/Src/usart_dma.o
                0x08000da0                HAL_UARTEx_RxEventCallback
 .text.HAL_UART_TxCpltCallback
                0x08000ea8       0x40 ./Core/Src/usart_dma.o
                0x08000ea8                HAL_UART_TxCpltCallback
 .text.usart_dma_init
                0x08000ee8       0x48 ./Core/Src/usart_dma.o
                0x08000ee8                usart_dma_init
 .text.usart_dma_SendFrame
                0x08000f30       0x50 ./Core/Src/usart_dma.o
                0x08000f30                usart_dma_SendFrame
 .text.usart_dma_frameProcess
                0x08000f80      0x100 ./Core/Src/usart_dma.o
                0x08000f80                usart_dma_frameProcess
 .text.uart_Send
                0x08001080       0xa4 ./Core/Src/usart_dma.o
                0x08001080                uart_Send
 .text.Reset_Handler
                0x08001124       0x50 ./Core/Startup/startup_stm32g474retx.o
                0x08001124                Reset_Handler
 .text.Default_Handler
                0x08001174        0x2 ./Core/Startup/startup_stm32g474retx.o
                0x08001174                RTC_Alarm_IRQHandler
                0x08001174                EXTI2_IRQHandler
                0x08001174                TIM8_TRG_COM_IRQHandler
                0x08001174                TIM8_CC_IRQHandler
                0x08001174                HRTIM1_Master_IRQHandler
                0x08001174                SPI4_IRQHandler
                0x08001174                FDCAN3_IT0_IRQHandler
                0x08001174                TIM1_CC_IRQHandler
                0x08001174                HRTIM1_FLT_IRQHandler
                0x08001174                HRTIM1_TIMF_IRQHandler
                0x08001174                USB_HP_IRQHandler
                0x08001174                CORDIC_IRQHandler
                0x08001174                HRTIM1_TIMD_IRQHandler
                0x08001174                DMA2_Channel8_IRQHandler
                0x08001174                EXTI3_IRQHandler
                0x08001174                I2C3_ER_IRQHandler
                0x08001174                EXTI0_IRQHandler
                0x08001174                I2C2_EV_IRQHandler
                0x08001174                FPU_IRQHandler
                0x08001174                FDCAN1_IT1_IRQHandler
                0x08001174                TIM1_UP_TIM16_IRQHandler
                0x08001174                ADC1_2_IRQHandler
                0x08001174                HRTIM1_TIME_IRQHandler
                0x08001174                SPI1_IRQHandler
                0x08001174                TIM6_DAC_IRQHandler
                0x08001174                HRTIM1_TIMC_IRQHandler
                0x08001174                TIM8_UP_IRQHandler
                0x08001174                DMA2_Channel2_IRQHandler
                0x08001174                DMA1_Channel4_IRQHandler
                0x08001174                TIM20_TRG_COM_IRQHandler
                0x08001174                USART3_IRQHandler
                0x08001174                DMA1_Channel7_IRQHandler
                0x08001174                UART5_IRQHandler
                0x08001174                ADC3_IRQHandler
                0x08001174                TIM4_IRQHandler
                0x08001174                DMA2_Channel1_IRQHandler
                0x08001174                QUADSPI_IRQHandler
                0x08001174                I2C1_EV_IRQHandler
                0x08001174                DMA1_Channel6_IRQHandler
                0x08001174                UART4_IRQHandler
                0x08001174                DMA2_Channel4_IRQHandler
                0x08001174                TIM3_IRQHandler
                0x08001174                RCC_IRQHandler
                0x08001174                TIM20_UP_IRQHandler
                0x08001174                Default_Handler
                0x08001174                DMA2_Channel7_IRQHandler
                0x08001174                RTC_TAMP_LSECSS_IRQHandler
                0x08001174                FMAC_IRQHandler
                0x08001174                DMA1_Channel8_IRQHandler
                0x08001174                HRTIM1_TIMA_IRQHandler
                0x08001174                TIM7_DAC_IRQHandler
                0x08001174                FDCAN3_IT1_IRQHandler
                0x08001174                TIM5_IRQHandler
                0x08001174                UCPD1_IRQHandler
                0x08001174                I2C3_EV_IRQHandler
                0x08001174                EXTI9_5_IRQHandler
                0x08001174                RTC_WKUP_IRQHandler
                0x08001174                PVD_PVM_IRQHandler
                0x08001174                SPI2_IRQHandler
                0x08001174                ADC5_IRQHandler
                0x08001174                DMA2_Channel5_IRQHandler
                0x08001174                CRS_IRQHandler
                0x08001174                DMA1_Channel5_IRQHandler
                0x08001174                USB_LP_IRQHandler
                0x08001174                EXTI4_IRQHandler
                0x08001174                RNG_IRQHandler
                0x08001174                HRTIM1_TIMB_IRQHandler
                0x08001174                TIM1_TRG_COM_TIM17_IRQHandler
                0x08001174                FDCAN2_IT1_IRQHandler
                0x08001174                DMA1_Channel3_IRQHandler
                0x08001174                ADC4_IRQHandler
                0x08001174                WWDG_IRQHandler
                0x08001174                I2C4_EV_IRQHandler
                0x08001174                FDCAN2_IT0_IRQHandler
                0x08001174                DMA2_Channel6_IRQHandler
                0x08001174                FDCAN1_IT0_IRQHandler
                0x08001174                TIM2_IRQHandler
                0x08001174                COMP7_IRQHandler
                0x08001174                COMP1_2_3_IRQHandler
                0x08001174                EXTI1_IRQHandler
                0x08001174                USART2_IRQHandler
                0x08001174                COMP4_5_6_IRQHandler
                0x08001174                TIM20_BRK_IRQHandler
                0x08001174                I2C2_ER_IRQHandler
                0x08001174                TIM8_BRK_IRQHandler
                0x08001174                FLASH_IRQHandler
                0x08001174                TIM20_CC_IRQHandler
                0x08001174                USART1_IRQHandler
                0x08001174                SPI3_IRQHandler
                0x08001174                I2C1_ER_IRQHandler
                0x08001174                FMC_IRQHandler
                0x08001174                LPTIM1_IRQHandler
                0x08001174                DMAMUX_OVR_IRQHandler
                0x08001174                I2C4_ER_IRQHandler
                0x08001174                USBWakeUp_IRQHandler
                0x08001174                SAI1_IRQHandler
                0x08001174                DMA2_Channel3_IRQHandler
                0x08001174                TIM1_BRK_TIM15_IRQHandler
 .text.HAL_Init
                0x08001176       0x30 ./Drivers/STM32G4xx_HAL_Driver/Src/stm32g4xx_hal.o
                0x08001176                HAL_Init
 *fill*         0x080011a6        0x2 
 .text.HAL_InitTick
                0x080011a8       0x74 ./Drivers/STM32G4xx_HAL_Driver/Src/stm32g4xx_hal.o
                0x080011a8                HAL_InitTick
 .text.HAL_IncTick
                0x0800121c       0x24 ./Drivers/STM32G4xx_HAL_Driver/Src/stm32g4xx_hal.o
                0x0800121c                HAL_IncTick
 .text.HAL_GetTick
                0x08001240       0x18 ./Drivers/STM32G4xx_HAL_Driver/Src/stm32g4xx_hal.o
                0x08001240                HAL_GetTick
 .text.HAL_Delay
                0x08001258       0x44 ./Drivers/STM32G4xx_HAL_Driver/Src/stm32g4xx_hal.o
                0x08001258                HAL_Delay
 .text.__NVIC_SetPriorityGrouping
                0x0800129c       0x48 ./Drivers/STM32G4xx_HAL_Driver/Src/stm32g4xx_hal_cortex.o
 .text.__NVIC_GetPriorityGrouping
                0x080012e4       0x1c ./Drivers/STM32G4xx_HAL_Driver/Src/stm32g4xx_hal_cortex.o
 .text.__NVIC_EnableIRQ
                0x08001300       0x3c ./Drivers/STM32G4xx_HAL_Driver/Src/stm32g4xx_hal_cortex.o
 .text.__NVIC_SetPriority
                0x0800133c       0x54 ./Drivers/STM32G4xx_HAL_Driver/Src/stm32g4xx_hal_cortex.o
 .text.NVIC_EncodePriority
                0x08001390       0x66 ./Drivers/STM32G4xx_HAL_Driver/Src/stm32g4xx_hal_cortex.o
 *fill*         0x080013f6        0x2 
 .text.SysTick_Config
                0x080013f8       0x44 ./Drivers/STM32G4xx_HAL_Driver/Src/stm32g4xx_hal_cortex.o
 .text.HAL_NVIC_SetPriorityGrouping
                0x0800143c       0x16 ./Drivers/STM32G4xx_HAL_Driver/Src/stm32g4xx_hal_cortex.o
                0x0800143c                HAL_NVIC_SetPriorityGrouping
 .text.HAL_NVIC_SetPriority
                0x08001452       0x34 ./Drivers/STM32G4xx_HAL_Driver/Src/stm32g4xx_hal_cortex.o
                0x08001452                HAL_NVIC_SetPriority
 .text.HAL_NVIC_EnableIRQ
                0x08001486       0x1c ./Drivers/STM32G4xx_HAL_Driver/Src/stm32g4xx_hal_cortex.o
                0x08001486                HAL_NVIC_EnableIRQ
 .text.HAL_SYSTICK_Config
                0x080014a2       0x18 ./Drivers/STM32G4xx_HAL_Driver/Src/stm32g4xx_hal_cortex.o
                0x080014a2                HAL_SYSTICK_Config
 *fill*         0x080014ba        0x2 
 .text.HAL_DMA_Init
                0x080014bc      0x150 ./Drivers/STM32G4xx_HAL_Driver/Src/stm32g4xx_hal_dma.o
                0x080014bc                HAL_DMA_Init
 .text.HAL_DMA_Start_IT
                0x0800160c       0xf6 ./Drivers/STM32G4xx_HAL_Driver/Src/stm32g4xx_hal_dma.o
                0x0800160c                HAL_DMA_Start_IT
 .text.HAL_DMA_Abort
                0x08001702       0xb2 ./Drivers/STM32G4xx_HAL_Driver/Src/stm32g4xx_hal_dma.o
                0x08001702                HAL_DMA_Abort
 .text.HAL_DMA_Abort_IT
                0x080017b4       0xce ./Drivers/STM32G4xx_HAL_Driver/Src/stm32g4xx_hal_dma.o
                0x080017b4                HAL_DMA_Abort_IT
 .text.HAL_DMA_IRQHandler
                0x08001882      0x15e ./Drivers/STM32G4xx_HAL_Driver/Src/stm32g4xx_hal_dma.o
                0x08001882                HAL_DMA_IRQHandler
 .text.DMA_SetConfig
                0x080019e0       0x7c ./Drivers/STM32G4xx_HAL_Driver/Src/stm32g4xx_hal_dma.o
 .text.DMA_CalcDMAMUXChannelBaseAndMask
                0x08001a5c       0x7c ./Drivers/STM32G4xx_HAL_Driver/Src/stm32g4xx_hal_dma.o
 .text.DMA_CalcDMAMUXRequestGenBaseAndMask
                0x08001ad8       0x48 ./Drivers/STM32G4xx_HAL_Driver/Src/stm32g4xx_hal_dma.o
 .text.HAL_GPIO_Init
                0x08001b20      0x304 ./Drivers/STM32G4xx_HAL_Driver/Src/stm32g4xx_hal_gpio.o
                0x08001b20                HAL_GPIO_Init
 .text.HAL_GPIO_WritePin
                0x08001e24       0x30 ./Drivers/STM32G4xx_HAL_Driver/Src/stm32g4xx_hal_gpio.o
                0x08001e24                HAL_GPIO_WritePin
 .text.HAL_GPIO_EXTI_IRQHandler
                0x08001e54       0x30 ./Drivers/STM32G4xx_HAL_Driver/Src/stm32g4xx_hal_gpio.o
                0x08001e54                HAL_GPIO_EXTI_IRQHandler
 .text.HAL_GPIO_EXTI_Callback
                0x08001e84       0x16 ./Drivers/STM32G4xx_HAL_Driver/Src/stm32g4xx_hal_gpio.o
                0x08001e84                HAL_GPIO_EXTI_Callback
 *fill*         0x08001e9a        0x2 
 .text.HAL_PWREx_ControlVoltageScaling
                0x08001e9c      0x148 ./Drivers/STM32G4xx_HAL_Driver/Src/stm32g4xx_hal_pwr_ex.o
                0x08001e9c                HAL_PWREx_ControlVoltageScaling
 .text.HAL_PWREx_DisableUCPDDeadBattery
                0x08001fe4       0x20 ./Drivers/STM32G4xx_HAL_Driver/Src/stm32g4xx_hal_pwr_ex.o
                0x08001fe4                HAL_PWREx_DisableUCPDDeadBattery
 .text.HAL_RCC_OscConfig
                0x08002004      0x624 ./Drivers/STM32G4xx_HAL_Driver/Src/stm32g4xx_hal_rcc.o
                0x08002004                HAL_RCC_OscConfig
 .text.HAL_RCC_ClockConfig
                0x08002628      0x278 ./Drivers/STM32G4xx_HAL_Driver/Src/stm32g4xx_hal_rcc.o
                0x08002628                HAL_RCC_ClockConfig
 .text.HAL_RCC_GetSysClockFreq
                0x080028a0       0xc4 ./Drivers/STM32G4xx_HAL_Driver/Src/stm32g4xx_hal_rcc.o
                0x080028a0                HAL_RCC_GetSysClockFreq
 .text.HAL_RCC_GetHCLKFreq
                0x08002964       0x18 ./Drivers/STM32G4xx_HAL_Driver/Src/stm32g4xx_hal_rcc.o
                0x08002964                HAL_RCC_GetHCLKFreq
 .text.HAL_RCC_GetPCLK1Freq
                0x0800297c       0x2c ./Drivers/STM32G4xx_HAL_Driver/Src/stm32g4xx_hal_rcc.o
                0x0800297c                HAL_RCC_GetPCLK1Freq
 .text.HAL_RCC_GetPCLK2Freq
                0x080029a8       0x2c ./Drivers/STM32G4xx_HAL_Driver/Src/stm32g4xx_hal_rcc.o
                0x080029a8                HAL_RCC_GetPCLK2Freq
 .text.RCC_GetSysClockFreqFromPLLSource
                0x080029d4       0x8c ./Drivers/STM32G4xx_HAL_Driver/Src/stm32g4xx_hal_rcc.o
 .text.HAL_RCCEx_PeriphCLKConfig
                0x08002a60      0x49c ./Drivers/STM32G4xx_HAL_Driver/Src/stm32g4xx_hal_rcc_ex.o
                0x08002a60                HAL_RCCEx_PeriphCLKConfig
 .text.HAL_UART_Init
                0x08002efc       0xa0 ./Drivers/STM32G4xx_HAL_Driver/Src/stm32g4xx_hal_uart.o
                0x08002efc                HAL_UART_Init
 .text.HAL_UART_Transmit_DMA
                0x08002f9c      0x100 ./Drivers/STM32G4xx_HAL_Driver/Src/stm32g4xx_hal_uart.o
                0x08002f9c                HAL_UART_Transmit_DMA
 .text.HAL_UART_IRQHandler
                0x0800309c      0x648 ./Drivers/STM32G4xx_HAL_Driver/Src/stm32g4xx_hal_uart.o
                0x0800309c                HAL_UART_IRQHandler
 .text.HAL_UART_TxHalfCpltCallback
                0x080036e4       0x14 ./Drivers/STM32G4xx_HAL_Driver/Src/stm32g4xx_hal_uart.o
                0x080036e4                HAL_UART_TxHalfCpltCallback
 .text.HAL_UART_RxCpltCallback
                0x080036f8       0x14 ./Drivers/STM32G4xx_HAL_Driver/Src/stm32g4xx_hal_uart.o
                0x080036f8                HAL_UART_RxCpltCallback
 .text.HAL_UART_RxHalfCpltCallback
                0x0800370c       0x14 ./Drivers/STM32G4xx_HAL_Driver/Src/stm32g4xx_hal_uart.o
                0x0800370c                HAL_UART_RxHalfCpltCallback
 .text.HAL_UART_ErrorCallback
                0x08003720       0x14 ./Drivers/STM32G4xx_HAL_Driver/Src/stm32g4xx_hal_uart.o
                0x08003720                HAL_UART_ErrorCallback
 .text.UART_SetConfig
                0x08003734      0x5f8 ./Drivers/STM32G4xx_HAL_Driver/Src/stm32g4xx_hal_uart.o
                0x08003734                UART_SetConfig
 .text.UART_AdvFeatureConfig
                0x08003d2c      0x144 ./Drivers/STM32G4xx_HAL_Driver/Src/stm32g4xx_hal_uart.o
                0x08003d2c                UART_AdvFeatureConfig
 .text.UART_CheckIdleState
                0x08003e70      0x154 ./Drivers/STM32G4xx_HAL_Driver/Src/stm32g4xx_hal_uart.o
                0x08003e70                UART_CheckIdleState
 .text.UART_WaitOnFlagUntilTimeout
                0x08003fc4       0xda ./Drivers/STM32G4xx_HAL_Driver/Src/stm32g4xx_hal_uart.o
                0x08003fc4                UART_WaitOnFlagUntilTimeout
 *fill*         0x0800409e        0x2 
 .text.UART_Start_Receive_DMA
                0x080040a0      0x14c ./Drivers/STM32G4xx_HAL_Driver/Src/stm32g4xx_hal_uart.o
                0x080040a0                UART_Start_Receive_DMA
 .text.UART_EndTxTransfer
                0x080041ec       0x82 ./Drivers/STM32G4xx_HAL_Driver/Src/stm32g4xx_hal_uart.o
 .text.UART_EndRxTransfer
                0x0800426e       0xcc ./Drivers/STM32G4xx_HAL_Driver/Src/stm32g4xx_hal_uart.o
 .text.UART_DMATransmitCplt
                0x0800433a       0x9a ./Drivers/STM32G4xx_HAL_Driver/Src/stm32g4xx_hal_uart.o
 .text.UART_DMATxHalfCplt
                0x080043d4       0x1c ./Drivers/STM32G4xx_HAL_Driver/Src/stm32g4xx_hal_uart.o
 .text.UART_DMAReceiveCplt
                0x080043f0      0x12c ./Drivers/STM32G4xx_HAL_Driver/Src/stm32g4xx_hal_uart.o
 .text.UART_DMARxHalfCplt
                0x0800451c       0x3e ./Drivers/STM32G4xx_HAL_Driver/Src/stm32g4xx_hal_uart.o
 .text.UART_DMAError
                0x0800455a       0x80 ./Drivers/STM32G4xx_HAL_Driver/Src/stm32g4xx_hal_uart.o
 .text.UART_DMAAbortOnError
                0x080045da       0x2c ./Drivers/STM32G4xx_HAL_Driver/Src/stm32g4xx_hal_uart.o
 .text.UART_EndTransmit_IT
                0x08004606       0x56 ./Drivers/STM32G4xx_HAL_Driver/Src/stm32g4xx_hal_uart.o
 .text.HAL_UARTEx_WakeupCallback
                0x0800465c       0x14 ./Drivers/STM32G4xx_HAL_Driver/Src/stm32g4xx_hal_uart_ex.o
                0x0800465c                HAL_UARTEx_WakeupCallback
 .text.HAL_UARTEx_RxFifoFullCallback
                0x08004670       0x14 ./Drivers/STM32G4xx_HAL_Driver/Src/stm32g4xx_hal_uart_ex.o
                0x08004670                HAL_UARTEx_RxFifoFullCallback
 .text.HAL_UARTEx_TxFifoEmptyCallback
                0x08004684       0x14 ./Drivers/STM32G4xx_HAL_Driver/Src/stm32g4xx_hal_uart_ex.o
                0x08004684                HAL_UARTEx_TxFifoEmptyCallback
 .text.HAL_UARTEx_DisableFifoMode
                0x08004698       0x72 ./Drivers/STM32G4xx_HAL_Driver/Src/stm32g4xx_hal_uart_ex.o
                0x08004698                HAL_UARTEx_DisableFifoMode
 .text.HAL_UARTEx_SetTxFifoThreshold
                0x0800470a       0x7c ./Drivers/STM32G4xx_HAL_Driver/Src/stm32g4xx_hal_uart_ex.o
                0x0800470a                HAL_UARTEx_SetTxFifoThreshold
 .text.HAL_UARTEx_SetRxFifoThreshold
                0x08004786       0x7c ./Drivers/STM32G4xx_HAL_Driver/Src/stm32g4xx_hal_uart_ex.o
                0x08004786                HAL_UARTEx_SetRxFifoThreshold
 .text.HAL_UARTEx_ReceiveToIdle_DMA
                0x08004802       0xa8 ./Drivers/STM32G4xx_HAL_Driver/Src/stm32g4xx_hal_uart_ex.o
                0x08004802                HAL_UARTEx_ReceiveToIdle_DMA
 *fill*         0x080048aa        0x2 
 .text.UARTEx_SetNbDataToProcess
                0x080048ac       0x9c ./Drivers/STM32G4xx_HAL_Driver/Src/stm32g4xx_hal_uart_ex.o
 .text.memset   0x08004948       0x10 C:/ST/STM32CubeIDE_1.15.1/STM32CubeIDE/plugins/com.st.stm32cube.ide.mcu.externaltools.gnu-tools-for-stm32.12.3.rel1.win32_1.0.100.202403111256/tools/bin/../lib/gcc/arm-none-eabi/12.3.1/../../../../arm-none-eabi/lib/thumb/v7e-m+fp/hard\libc_nano.a(libc_a-memset.o)
                0x08004948                memset
 .text.__libc_init_array
                0x08004958       0x48 C:/ST/STM32CubeIDE_1.15.1/STM32CubeIDE/plugins/com.st.stm32cube.ide.mcu.externaltools.gnu-tools-for-stm32.12.3.rel1.win32_1.0.100.202403111256/tools/bin/../lib/gcc/arm-none-eabi/12.3.1/../../../../arm-none-eabi/lib/thumb/v7e-m+fp/hard\libc_nano.a(libc_a-init.o)
                0x08004958                __libc_init_array
 .text.memcpy   0x080049a0       0x1c C:/ST/STM32CubeIDE_1.15.1/STM32CubeIDE/plugins/com.st.stm32cube.ide.mcu.externaltools.gnu-tools-for-stm32.12.3.rel1.win32_1.0.100.202403111256/tools/bin/../lib/gcc/arm-none-eabi/12.3.1/../../../../arm-none-eabi/lib/thumb/v7e-m+fp/hard\libc_nano.a(libc_a-memcpy-stub.o)
                0x080049a0                memcpy
 *(.glue_7)
 .glue_7        0x080049bc        0x0 linker stubs
 *(.glue_7t)
 .glue_7t       0x080049bc        0x0 linker stubs
 *(.eh_frame)
 .eh_frame      0x080049bc        0x0 C:/ST/STM32CubeIDE_1.15.1/STM32CubeIDE/plugins/com.st.stm32cube.ide.mcu.externaltools.gnu-tools-for-stm32.12.3.rel1.win32_1.0.100.202403111256/tools/bin/../lib/gcc/arm-none-eabi/12.3.1/thumb/v7e-m+fp/hard/crtbegin.o
 *(.init)
 .init          0x080049bc        0x4 C:/ST/STM32CubeIDE_1.15.1/STM32CubeIDE/plugins/com.st.stm32cube.ide.mcu.externaltools.gnu-tools-for-stm32.12.3.rel1.win32_1.0.100.202403111256/tools/bin/../lib/gcc/arm-none-eabi/12.3.1/thumb/v7e-m+fp/hard/crti.o
                0x080049bc                _init
 .init          0x080049c0        0x8 C:/ST/STM32CubeIDE_1.15.1/STM32CubeIDE/plugins/com.st.stm32cube.ide.mcu.externaltools.gnu-tools-for-stm32.12.3.rel1.win32_1.0.100.202403111256/tools/bin/../lib/gcc/arm-none-eabi/12.3.1/thumb/v7e-m+fp/hard/crtn.o
 *(.fini)
 .fini          0x080049c8        0x4 C:/ST/STM32CubeIDE_1.15.1/STM32CubeIDE/plugins/com.st.stm32cube.ide.mcu.externaltools.gnu-tools-for-stm32.12.3.rel1.win32_1.0.100.202403111256/tools/bin/../lib/gcc/arm-none-eabi/12.3.1/thumb/v7e-m+fp/hard/crti.o
                0x080049c8                _fini
 .fini          0x080049cc        0x8 C:/ST/STM32CubeIDE_1.15.1/STM32CubeIDE/plugins/com.st.stm32cube.ide.mcu.externaltools.gnu-tools-for-stm32.12.3.rel1.win32_1.0.100.202403111256/tools/bin/../lib/gcc/arm-none-eabi/12.3.1/thumb/v7e-m+fp/hard/crtn.o
                0x080049d4                        . = ALIGN (0x4)
                0x080049d4                        _etext = .

.vfp11_veneer   0x080049d4        0x0
 .vfp11_veneer  0x080049d4        0x0 linker stubs

.v4_bx          0x080049d4        0x0
 .v4_bx         0x080049d4        0x0 linker stubs

.iplt           0x080049d4        0x0
 .iplt          0x080049d4        0x0 C:/ST/STM32CubeIDE_1.15.1/STM32CubeIDE/plugins/com.st.stm32cube.ide.mcu.externaltools.gnu-tools-for-stm32.12.3.rel1.win32_1.0.100.202403111256/tools/bin/../lib/gcc/arm-none-eabi/12.3.1/thumb/v7e-m+fp/hard/crtbegin.o

.rodata         0x080049d4      0x140
                0x080049d4                        . = ALIGN (0x4)
 *(.rodata)
 *(.rodata*)
 .rodata.CRC_TABLE
                0x080049d4      0x100 ./Core/Src/crc8.o
 .rodata.AHBPrescTable
                0x08004ad4       0x10 ./Core/Src/system_stm32g4xx.o
                0x08004ad4                AHBPrescTable
 .rodata.APBPrescTable
                0x08004ae4        0x8 ./Core/Src/system_stm32g4xx.o
                0x08004ae4                APBPrescTable
 .rodata.UARTPrescTable
                0x08004aec       0x18 ./Drivers/STM32G4xx_HAL_Driver/Src/stm32g4xx_hal_uart.o
                0x08004aec                UARTPrescTable
 .rodata.numerator.1
                0x08004b04        0x8 ./Drivers/STM32G4xx_HAL_Driver/Src/stm32g4xx_hal_uart_ex.o
 .rodata.denominator.0
                0x08004b0c        0x8 ./Drivers/STM32G4xx_HAL_Driver/Src/stm32g4xx_hal_uart_ex.o
                0x08004b14                        . = ALIGN (0x4)

.ARM.extab      0x08004b14        0x0
                0x08004b14                        . = ALIGN (0x4)
 *(.ARM.extab* .gnu.linkonce.armextab.*)
                0x08004b14                        . = ALIGN (0x4)

.ARM            0x08004b14        0x8
                0x08004b14                        . = ALIGN (0x4)
                0x08004b14                        __exidx_start = .
 *(.ARM.exidx*)
 .ARM.exidx     0x08004b14        0x8 C:/ST/STM32CubeIDE_1.15.1/STM32CubeIDE/plugins/com.st.stm32cube.ide.mcu.externaltools.gnu-tools-for-stm32.12.3.rel1.win32_1.0.100.202403111256/tools/bin/../lib/gcc/arm-none-eabi/12.3.1/thumb/v7e-m+fp/hard\libgcc.a(_udivmoddi4.o)
                0x08004b1c                        __exidx_end = .
                0x08004b1c                        . = ALIGN (0x4)

.preinit_array  0x08004b1c        0x0
                0x08004b1c                        . = ALIGN (0x4)
                0x08004b1c                        PROVIDE (__preinit_array_start = .)
 *(.preinit_array*)
                0x08004b1c                        PROVIDE (__preinit_array_end = .)
                0x08004b1c                        . = ALIGN (0x4)

.init_array     0x08004b1c        0x4
                0x08004b1c                        . = ALIGN (0x4)
                0x08004b1c                        PROVIDE (__init_array_start = .)
 *(SORT_BY_NAME(.init_array.*))
 *(.init_array*)
 .init_array    0x08004b1c        0x4 C:/ST/STM32CubeIDE_1.15.1/STM32CubeIDE/plugins/com.st.stm32cube.ide.mcu.externaltools.gnu-tools-for-stm32.12.3.rel1.win32_1.0.100.202403111256/tools/bin/../lib/gcc/arm-none-eabi/12.3.1/thumb/v7e-m+fp/hard/crtbegin.o
                0x08004b20                        PROVIDE (__init_array_end = .)
                0x08004b20                        . = ALIGN (0x4)

.fini_array     0x08004b20        0x4
                0x08004b20                        . = ALIGN (0x4)
                [!provide]                        PROVIDE (__fini_array_start = .)
 *(SORT_BY_NAME(.fini_array.*))
 *(.fini_array*)
 .fini_array    0x08004b20        0x4 C:/ST/STM32CubeIDE_1.15.1/STM32CubeIDE/plugins/com.st.stm32cube.ide.mcu.externaltools.gnu-tools-for-stm32.12.3.rel1.win32_1.0.100.202403111256/tools/bin/../lib/gcc/arm-none-eabi/12.3.1/thumb/v7e-m+fp/hard/crtbegin.o
                [!provide]                        PROVIDE (__fini_array_end = .)
                0x08004b24                        . = ALIGN (0x4)
                0x08004b24                        _sidata = LOADADDR (.data)

.rel.dyn        0x08004b24        0x0
 .rel.iplt      0x08004b24        0x0 C:/ST/STM32CubeIDE_1.15.1/STM32CubeIDE/plugins/com.st.stm32cube.ide.mcu.externaltools.gnu-tools-for-stm32.12.3.rel1.win32_1.0.100.202403111256/tools/bin/../lib/gcc/arm-none-eabi/12.3.1/thumb/v7e-m+fp/hard/crtbegin.o

.data           0x20000000        0xc load address 0x08004b24
                0x20000000                        . = ALIGN (0x4)
                0x20000000                        _sdata = .
 *(.data)
 *(.data*)
 .data.SystemCoreClock
                0x20000000        0x4 ./Core/Src/system_stm32g4xx.o
                0x20000000                SystemCoreClock
 .data.uwTickPrio
                0x20000004        0x4 ./Drivers/STM32G4xx_HAL_Driver/Src/stm32g4xx_hal.o
                0x20000004                uwTickPrio
 .data.uwTickFreq
                0x20000008        0x4 ./Drivers/STM32G4xx_HAL_Driver/Src/stm32g4xx_hal.o
                0x20000008                uwTickFreq
 *(.RamFunc)
 *(.RamFunc*)
                0x2000000c                        . = ALIGN (0x4)
                0x2000000c                        _edata = .

.igot.plt       0x2000000c        0x0 load address 0x08004b30
 .igot.plt      0x2000000c        0x0 C:/ST/STM32CubeIDE_1.15.1/STM32CubeIDE/plugins/com.st.stm32cube.ide.mcu.externaltools.gnu-tools-for-stm32.12.3.rel1.win32_1.0.100.202403111256/tools/bin/../lib/gcc/arm-none-eabi/12.3.1/thumb/v7e-m+fp/hard/crtbegin.o
                0x2000000c                        . = ALIGN (0x4)

.bss            0x2000000c      0x930 load address 0x08004b30
                0x2000000c                        _sbss = .
                0x2000000c                        __bss_start__ = _sbss
 *(.bss)
 .bss           0x2000000c       0x1c C:/ST/STM32CubeIDE_1.15.1/STM32CubeIDE/plugins/com.st.stm32cube.ide.mcu.externaltools.gnu-tools-for-stm32.12.3.rel1.win32_1.0.100.202403111256/tools/bin/../lib/gcc/arm-none-eabi/12.3.1/thumb/v7e-m+fp/hard/crtbegin.o
 *(.bss*)
 .bss.hlpuart1  0x20000028       0x94 ./Core/Src/main.o
                0x20000028                hlpuart1
 .bss.hdma_lpuart1_rx
                0x200000bc       0x60 ./Core/Src/main.o
                0x200000bc                hdma_lpuart1_rx
 .bss.hdma_lpuart1_tx
                0x2000011c       0x60 ./Core/Src/main.o
                0x2000011c                hdma_lpuart1_tx
 .bss.ringBufRx
                0x2000017c      0x204 ./Core/Src/usart_dma.o
                0x2000017c                ringBufRx
 .bss.ringBufTx
                0x20000380      0x204 ./Core/Src/usart_dma.o
                0x20000380                ringBufTx
 .bss.rcvBuffer
                0x20000584       0xff ./Core/Src/usart_dma.o
                0x20000584                rcvBuffer
 .bss.isDmaSend
                0x20000683        0x1 ./Core/Src/usart_dma.o
                0x20000683                isDmaSend
 .bss.frameEndCnt
                0x20000684        0x1 ./Core/Src/usart_dma.o
                0x20000684                frameEndCnt
 *fill*         0x20000685        0x3 
 .bss.huartHandler
                0x20000688        0x4 ./Core/Src/usart_dma.o
                0x20000688                huartHandler
 .bss.start.3   0x2000068c        0x1 ./Core/Src/usart_dma.o
 .bss.tempPos.2
                0x2000068d        0x1 ./Core/Src/usart_dma.o
 *fill*         0x2000068e        0x2 
 .bss.tempBuf.1
                0x20000690       0xa7 ./Core/Src/usart_dma.o
 *fill*         0x20000737        0x1 
 .bss.tempBuf.0
                0x20000738      0x200 ./Core/Src/usart_dma.o
 .bss.uwTick    0x20000938        0x4 ./Drivers/STM32G4xx_HAL_Driver/Src/stm32g4xx_hal.o
                0x20000938                uwTick
 *(COMMON)
                0x2000093c                        . = ALIGN (0x4)
                0x2000093c                        _ebss = .
                0x2000093c                        __bss_end__ = _ebss

._user_heap_stack
                0x2000093c      0x604 load address 0x08004b30
                0x20000940                        . = ALIGN (0x8)
 *fill*         0x2000093c        0x4 
                [!provide]                        PROVIDE (end = .)
                0x20000940                        PROVIDE (_end = .)
                0x20000b40                        . = (. + _Min_Heap_Size)
 *fill*         0x20000940      0x200 
                0x20000f40                        . = (. + _Min_Stack_Size)
 *fill*         0x20000b40      0x400 
                0x20000f40                        . = ALIGN (0x8)

/DISCARD/
 libc.a(*)
 libm.a(*)
 libgcc.a(*)

.ARM.attributes
                0x00000000       0x30
 *(.ARM.attributes)
 .ARM.attributes
                0x00000000       0x22 C:/ST/STM32CubeIDE_1.15.1/STM32CubeIDE/plugins/com.st.stm32cube.ide.mcu.externaltools.gnu-tools-for-stm32.12.3.rel1.win32_1.0.100.202403111256/tools/bin/../lib/gcc/arm-none-eabi/12.3.1/thumb/v7e-m+fp/hard/crti.o
 .ARM.attributes
                0x00000022       0x34 C:/ST/STM32CubeIDE_1.15.1/STM32CubeIDE/plugins/com.st.stm32cube.ide.mcu.externaltools.gnu-tools-for-stm32.12.3.rel1.win32_1.0.100.202403111256/tools/bin/../lib/gcc/arm-none-eabi/12.3.1/thumb/v7e-m+fp/hard/crtbegin.o
 .ARM.attributes
                0x00000056       0x34 ./Core/Src/crc8.o
 .ARM.attributes
                0x0000008a       0x34 ./Core/Src/frame_parser.o
 .ARM.attributes
                0x000000be       0x34 ./Core/Src/main.o
 .ARM.attributes
                0x000000f2       0x34 ./Core/Src/ring_buf.o
 .ARM.attributes
                0x00000126       0x34 ./Core/Src/stm32g4xx_hal_msp.o
 .ARM.attributes
                0x0000015a       0x34 ./Core/Src/stm32g4xx_it.o
 .ARM.attributes
                0x0000018e       0x34 ./Core/Src/system_stm32g4xx.o
 .ARM.attributes
                0x000001c2       0x34 ./Core/Src/usart_dma.o
 .ARM.attributes
                0x000001f6       0x21 ./Core/Startup/startup_stm32g474retx.o
 .ARM.attributes
                0x00000217       0x34 ./Drivers/STM32G4xx_HAL_Driver/Src/stm32g4xx_hal.o
 .ARM.attributes
                0x0000024b       0x34 ./Drivers/STM32G4xx_HAL_Driver/Src/stm32g4xx_hal_cortex.o
 .ARM.attributes
                0x0000027f       0x34 ./Drivers/STM32G4xx_HAL_Driver/Src/stm32g4xx_hal_dma.o
 .ARM.attributes
                0x000002b3       0x34 ./Drivers/STM32G4xx_HAL_Driver/Src/stm32g4xx_hal_gpio.o
 .ARM.attributes
                0x000002e7       0x34 ./Drivers/STM32G4xx_HAL_Driver/Src/stm32g4xx_hal_pwr_ex.o
 .ARM.attributes
                0x0000031b       0x34 ./Drivers/STM32G4xx_HAL_Driver/Src/stm32g4xx_hal_rcc.o
 .ARM.attributes
                0x0000034f       0x34 ./Drivers/STM32G4xx_HAL_Driver/Src/stm32g4xx_hal_rcc_ex.o
 .ARM.attributes
                0x00000383       0x34 ./Drivers/STM32G4xx_HAL_Driver/Src/stm32g4xx_hal_uart.o
 .ARM.attributes
                0x000003b7       0x34 ./Drivers/STM32G4xx_HAL_Driver/Src/stm32g4xx_hal_uart_ex.o
 .ARM.attributes
                0x000003eb       0x34 C:/ST/STM32CubeIDE_1.15.1/STM32CubeIDE/plugins/com.st.stm32cube.ide.mcu.externaltools.gnu-tools-for-stm32.12.3.rel1.win32_1.0.100.202403111256/tools/bin/../lib/gcc/arm-none-eabi/12.3.1/../../../../arm-none-eabi/lib/thumb/v7e-m+fp/hard\libc_nano.a(libc_a-memset.o)
 .ARM.attributes
                0x0000041f       0x34 C:/ST/STM32CubeIDE_1.15.1/STM32CubeIDE/plugins/com.st.stm32cube.ide.mcu.externaltools.gnu-tools-for-stm32.12.3.rel1.win32_1.0.100.202403111256/tools/bin/../lib/gcc/arm-none-eabi/12.3.1/../../../../arm-none-eabi/lib/thumb/v7e-m+fp/hard\libc_nano.a(libc_a-init.o)
 .ARM.attributes
                0x00000453       0x34 C:/ST/STM32CubeIDE_1.15.1/STM32CubeIDE/plugins/com.st.stm32cube.ide.mcu.externaltools.gnu-tools-for-stm32.12.3.rel1.win32_1.0.100.202403111256/tools/bin/../lib/gcc/arm-none-eabi/12.3.1/../../../../arm-none-eabi/lib/thumb/v7e-m+fp/hard\libc_nano.a(libc_a-memcpy-stub.o)
 .ARM.attributes
                0x00000487       0x22 C:/ST/STM32CubeIDE_1.15.1/STM32CubeIDE/plugins/com.st.stm32cube.ide.mcu.externaltools.gnu-tools-for-stm32.12.3.rel1.win32_1.0.100.202403111256/tools/bin/../lib/gcc/arm-none-eabi/12.3.1/thumb/v7e-m+fp/hard\libgcc.a(_aeabi_uldivmod.o)
 .ARM.attributes
                0x000004a9       0x34 C:/ST/STM32CubeIDE_1.15.1/STM32CubeIDE/plugins/com.st.stm32cube.ide.mcu.externaltools.gnu-tools-for-stm32.12.3.rel1.win32_1.0.100.202403111256/tools/bin/../lib/gcc/arm-none-eabi/12.3.1/thumb/v7e-m+fp/hard\libgcc.a(_udivmoddi4.o)
 .ARM.attributes
                0x000004dd       0x22 C:/ST/STM32CubeIDE_1.15.1/STM32CubeIDE/plugins/com.st.stm32cube.ide.mcu.externaltools.gnu-tools-for-stm32.12.3.rel1.win32_1.0.100.202403111256/tools/bin/../lib/gcc/arm-none-eabi/12.3.1/thumb/v7e-m+fp/hard\libgcc.a(_dvmd_tls.o)
 .ARM.attributes
                0x000004ff       0x22 C:/ST/STM32CubeIDE_1.15.1/STM32CubeIDE/plugins/com.st.stm32cube.ide.mcu.externaltools.gnu-tools-for-stm32.12.3.rel1.win32_1.0.100.202403111256/tools/bin/../lib/gcc/arm-none-eabi/12.3.1/thumb/v7e-m+fp/hard/crtn.o
OUTPUT(usart.elf elf32-littlearm)
LOAD linker stubs
LOAD C:/ST/STM32CubeIDE_1.15.1/STM32CubeIDE/plugins/com.st.stm32cube.ide.mcu.externaltools.gnu-tools-for-stm32.12.3.rel1.win32_1.0.100.202403111256/tools/bin/../lib/gcc/arm-none-eabi/12.3.1/../../../../arm-none-eabi/lib/thumb/v7e-m+fp/hard\libc.a
LOAD C:/ST/STM32CubeIDE_1.15.1/STM32CubeIDE/plugins/com.st.stm32cube.ide.mcu.externaltools.gnu-tools-for-stm32.12.3.rel1.win32_1.0.100.202403111256/tools/bin/../lib/gcc/arm-none-eabi/12.3.1/../../../../arm-none-eabi/lib/thumb/v7e-m+fp/hard\libm.a
LOAD C:/ST/STM32CubeIDE_1.15.1/STM32CubeIDE/plugins/com.st.stm32cube.ide.mcu.externaltools.gnu-tools-for-stm32.12.3.rel1.win32_1.0.100.202403111256/tools/bin/../lib/gcc/arm-none-eabi/12.3.1/thumb/v7e-m+fp/hard\libgcc.a

.debug_info     0x00000000     0xe624
 .debug_info    0x00000000      0x139 ./Core/Src/crc8.o
 .debug_info    0x00000139      0x245 ./Core/Src/frame_parser.o
 .debug_info    0x0000037e     0x1378 ./Core/Src/main.o
 .debug_info    0x000016f6      0x1cd ./Core/Src/ring_buf.o
 .debug_info    0x000018c3     0x1072 ./Core/Src/stm32g4xx_hal_msp.o
 .debug_info    0x00002935      0x8b9 ./Core/Src/stm32g4xx_it.o
 .debug_info    0x000031ee      0x58e ./Core/Src/system_stm32g4xx.o
 .debug_info    0x0000377c      0xc15 ./Core/Src/usart_dma.o
 .debug_info    0x00004391       0x30 ./Core/Startup/startup_stm32g474retx.o
 .debug_info    0x000043c1      0xb95 ./Drivers/STM32G4xx_HAL_Driver/Src/stm32g4xx_hal.o
 .debug_info    0x00004f56      0xdad ./Drivers/STM32G4xx_HAL_Driver/Src/stm32g4xx_hal_cortex.o
 .debug_info    0x00005d03      0x85f ./Drivers/STM32G4xx_HAL_Driver/Src/stm32g4xx_hal_dma.o
 .debug_info    0x00006562      0x763 ./Drivers/STM32G4xx_HAL_Driver/Src/stm32g4xx_hal_gpio.o
 .debug_info    0x00006cc5      0x93f ./Drivers/STM32G4xx_HAL_Driver/Src/stm32g4xx_hal_pwr_ex.o
 .debug_info    0x00007604      0xbe0 ./Drivers/STM32G4xx_HAL_Driver/Src/stm32g4xx_hal_rcc.o
 .debug_info    0x000081e4      0xc45 ./Drivers/STM32G4xx_HAL_Driver/Src/stm32g4xx_hal_rcc_ex.o
 .debug_info    0x00008e29     0x481e ./Drivers/STM32G4xx_HAL_Driver/Src/stm32g4xx_hal_uart.o
 .debug_info    0x0000d647      0xfdd ./Drivers/STM32G4xx_HAL_Driver/Src/stm32g4xx_hal_uart_ex.o

.debug_abbrev   0x00000000     0x231c
 .debug_abbrev  0x00000000       0xb6 ./Core/Src/crc8.o
 .debug_abbrev  0x000000b6      0x143 ./Core/Src/frame_parser.o
 .debug_abbrev  0x000001f9      0x2cf ./Core/Src/main.o
 .debug_abbrev  0x000004c8      0x104 ./Core/Src/ring_buf.o
 .debug_abbrev  0x000005cc      0x200 ./Core/Src/stm32g4xx_hal_msp.o
 .debug_abbrev  0x000007cc      0x171 ./Core/Src/stm32g4xx_it.o
 .debug_abbrev  0x0000093d      0x11a ./Core/Src/system_stm32g4xx.o
 .debug_abbrev  0x00000a57      0x244 ./Core/Src/usart_dma.o
 .debug_abbrev  0x00000c9b       0x24 ./Core/Startup/startup_stm32g474retx.o
 .debug_abbrev  0x00000cbf      0x271 ./Drivers/STM32G4xx_HAL_Driver/Src/stm32g4xx_hal.o
 .debug_abbrev  0x00000f30      0x31c ./Drivers/STM32G4xx_HAL_Driver/Src/stm32g4xx_hal_cortex.o
 .debug_abbrev  0x0000124c      0x1e2 ./Drivers/STM32G4xx_HAL_Driver/Src/stm32g4xx_hal_dma.o
 .debug_abbrev  0x0000142e      0x1cb ./Drivers/STM32G4xx_HAL_Driver/Src/stm32g4xx_hal_gpio.o
 .debug_abbrev  0x000015f9      0x22c ./Drivers/STM32G4xx_HAL_Driver/Src/stm32g4xx_hal_pwr_ex.o
 .debug_abbrev  0x00001825      0x2c9 ./Drivers/STM32G4xx_HAL_Driver/Src/stm32g4xx_hal_rcc.o
 .debug_abbrev  0x00001aee      0x258 ./Drivers/STM32G4xx_HAL_Driver/Src/stm32g4xx_hal_rcc_ex.o
 .debug_abbrev  0x00001d46      0x304 ./Drivers/STM32G4xx_HAL_Driver/Src/stm32g4xx_hal_uart.o
 .debug_abbrev  0x0000204a      0x2d2 ./Drivers/STM32G4xx_HAL_Driver/Src/stm32g4xx_hal_uart_ex.o

.debug_aranges  0x00000000      0xad0
 .debug_aranges
                0x00000000       0x20 ./Core/Src/crc8.o
 .debug_aranges
                0x00000020       0x28 ./Core/Src/frame_parser.o
 .debug_aranges
                0x00000048       0x50 ./Core/Src/main.o
 .debug_aranges
                0x00000098       0x30 ./Core/Src/ring_buf.o
 .debug_aranges
                0x000000c8       0x30 ./Core/Src/stm32g4xx_hal_msp.o
 .debug_aranges
                0x000000f8       0x80 ./Core/Src/stm32g4xx_it.o
 .debug_aranges
                0x00000178       0x28 ./Core/Src/system_stm32g4xx.o
 .debug_aranges
                0x000001a0       0x48 ./Core/Src/usart_dma.o
 .debug_aranges
                0x000001e8       0x28 ./Core/Startup/startup_stm32g474retx.o
 .debug_aranges
                0x00000210      0x148 ./Drivers/STM32G4xx_HAL_Driver/Src/stm32g4xx_hal.o
 .debug_aranges
                0x00000358      0x118 ./Drivers/STM32G4xx_HAL_Driver/Src/stm32g4xx_hal_cortex.o
 .debug_aranges
                0x00000470       0x90 ./Drivers/STM32G4xx_HAL_Driver/Src/stm32g4xx_hal_dma.o
 .debug_aranges
                0x00000500       0x58 ./Drivers/STM32G4xx_HAL_Driver/Src/stm32g4xx_hal_gpio.o
 .debug_aranges
                0x00000558      0x140 ./Drivers/STM32G4xx_HAL_Driver/Src/stm32g4xx_hal_pwr_ex.o
 .debug_aranges
                0x00000698       0x98 ./Drivers/STM32G4xx_HAL_Driver/Src/stm32g4xx_hal_rcc.o
 .debug_aranges
                0x00000730       0xb0 ./Drivers/STM32G4xx_HAL_Driver/Src/stm32g4xx_hal_rcc_ex.o
 .debug_aranges
                0x000007e0      0x248 ./Drivers/STM32G4xx_HAL_Driver/Src/stm32g4xx_hal_uart.o
 .debug_aranges
                0x00000a28       0xa8 ./Drivers/STM32G4xx_HAL_Driver/Src/stm32g4xx_hal_uart_ex.o

.debug_rnglists
                0x00000000      0x83e
 .debug_rnglists
                0x00000000       0x13 ./Core/Src/crc8.o
 .debug_rnglists
                0x00000013       0x1b ./Core/Src/frame_parser.o
 .debug_rnglists
                0x0000002e       0x3b ./Core/Src/main.o
 .debug_rnglists
                0x00000069       0x1f ./Core/Src/ring_buf.o
 .debug_rnglists
                0x00000088       0x20 ./Core/Src/stm32g4xx_hal_msp.o
 .debug_rnglists
                0x000000a8       0x5b ./Core/Src/stm32g4xx_it.o
 .debug_rnglists
                0x00000103       0x1a ./Core/Src/system_stm32g4xx.o
 .debug_rnglists
                0x0000011d       0x34 ./Core/Src/usart_dma.o
 .debug_rnglists
                0x00000151       0x19 ./Core/Startup/startup_stm32g474retx.o
 .debug_rnglists
                0x0000016a       0xf1 ./Drivers/STM32G4xx_HAL_Driver/Src/stm32g4xx_hal.o
 .debug_rnglists
                0x0000025b       0xce ./Drivers/STM32G4xx_HAL_Driver/Src/stm32g4xx_hal_cortex.o
 .debug_rnglists
                0x00000329       0x71 ./Drivers/STM32G4xx_HAL_Driver/Src/stm32g4xx_hal_dma.o
 .debug_rnglists
                0x0000039a       0x3f ./Drivers/STM32G4xx_HAL_Driver/Src/stm32g4xx_hal_gpio.o
 .debug_rnglists
                0x000003d9       0xf1 ./Drivers/STM32G4xx_HAL_Driver/Src/stm32g4xx_hal_pwr_ex.o
 .debug_rnglists
                0x000004ca       0x74 ./Drivers/STM32G4xx_HAL_Driver/Src/stm32g4xx_hal_rcc.o
 .debug_rnglists
                0x0000053e       0x87 ./Drivers/STM32G4xx_HAL_Driver/Src/stm32g4xx_hal_rcc_ex.o
 .debug_rnglists
                0x000005c5      0x1fa ./Drivers/STM32G4xx_HAL_Driver/Src/stm32g4xx_hal_uart.o
 .debug_rnglists
                0x000007bf       0x7f ./Drivers/STM32G4xx_HAL_Driver/Src/stm32g4xx_hal_uart_ex.o

.debug_macro    0x00000000    0x25233
 .debug_macro   0x00000000      0x140 ./Core/Src/crc8.o
 .debug_macro   0x00000140      0xab4 ./Core/Src/crc8.o
 .debug_macro   0x00000bf4       0x22 ./Core/Src/crc8.o
 .debug_macro   0x00000c16       0x8e ./Core/Src/crc8.o
 .debug_macro   0x00000ca4       0x51 ./Core/Src/crc8.o
 .debug_macro   0x00000cf5      0x103 ./Core/Src/crc8.o
 .debug_macro   0x00000df8       0x6a ./Core/Src/crc8.o
 .debug_macro   0x00000e62      0x1df ./Core/Src/crc8.o
 .debug_macro   0x00001041       0x61 ./Core/Src/crc8.o
 .debug_macro   0x000010a2       0x2a ./Core/Src/crc8.o
 .debug_macro   0x000010cc       0x43 ./Core/Src/crc8.o
 .debug_macro   0x0000110f       0x34 ./Core/Src/crc8.o
 .debug_macro   0x00001143      0x189 ./Core/Src/crc8.o
 .debug_macro   0x000012cc       0x16 ./Core/Src/crc8.o
 .debug_macro   0x000012e2       0x43 ./Core/Src/crc8.o
 .debug_macro   0x00001325       0x34 ./Core/Src/crc8.o
 .debug_macro   0x00001359       0x10 ./Core/Src/crc8.o
 .debug_macro   0x00001369       0x58 ./Core/Src/crc8.o
 .debug_macro   0x000013c1       0x8e ./Core/Src/crc8.o
 .debug_macro   0x0000144f       0x1c ./Core/Src/crc8.o
 .debug_macro   0x0000146b      0x177 ./Core/Src/crc8.o
 .debug_macro   0x000015e2      0x369 ./Core/Src/crc8.o
 .debug_macro   0x0000194b       0x10 ./Core/Src/crc8.o
 .debug_macro   0x0000195b       0x35 ./Core/Src/crc8.o
 .debug_macro   0x00001990       0x20 ./Core/Src/crc8.o
 .debug_macro   0x000019b0      0x2bc ./Core/Src/frame_parser.o
 .debug_macro   0x00001c6c      0x155 ./Core/Src/frame_parser.o
 .debug_macro   0x00001dc1       0x2e ./Core/Src/frame_parser.o
 .debug_macro   0x00001def       0x28 ./Core/Src/frame_parser.o
 .debug_macro   0x00001e17       0x1c ./Core/Src/frame_parser.o
 .debug_macro   0x00001e33       0x22 ./Core/Src/frame_parser.o
 .debug_macro   0x00001e55       0xfb ./Core/Src/frame_parser.o
 .debug_macro   0x00001f50     0x1011 ./Core/Src/frame_parser.o
 .debug_macro   0x00002f61      0x11f ./Core/Src/frame_parser.o
 .debug_macro   0x00003080    0x18b45 ./Core/Src/frame_parser.o
 .debug_macro   0x0001bbc5       0x6d ./Core/Src/frame_parser.o
 .debug_macro   0x0001bc32     0x354d ./Core/Src/frame_parser.o
 .debug_macro   0x0001f17f       0x5c ./Core/Src/frame_parser.o
 .debug_macro   0x0001f1db     0x171f ./Core/Src/frame_parser.o
 .debug_macro   0x000208fa      0x600 ./Core/Src/frame_parser.o
 .debug_macro   0x00020efa      0x1b6 ./Core/Src/frame_parser.o
 .debug_macro   0x000210b0      0x34a ./Core/Src/frame_parser.o
 .debug_macro   0x000213fa      0x53c ./Core/Src/frame_parser.o
 .debug_macro   0x00021936      0x18b ./Core/Src/frame_parser.o
 .debug_macro   0x00021ac1       0x43 ./Core/Src/frame_parser.o
 .debug_macro   0x00021b04      0x23d ./Core/Src/frame_parser.o
 .debug_macro   0x00021d41      0x211 ./Core/Src/frame_parser.o
 .debug_macro   0x00021f52      0x45c ./Core/Src/frame_parser.o
 .debug_macro   0x000223ae      0x11c ./Core/Src/frame_parser.o
 .debug_macro   0x000224ca      0x122 ./Core/Src/frame_parser.o
 .debug_macro   0x000225ec      0x3d1 ./Core/Src/frame_parser.o
 .debug_macro   0x000229bd      0x693 ./Core/Src/frame_parser.o
 .debug_macro   0x00023050       0xa6 ./Core/Src/frame_parser.o
 .debug_macro   0x000230f6      0x358 ./Core/Src/frame_parser.o
 .debug_macro   0x0002344e       0x5e ./Core/Src/frame_parser.o
 .debug_macro   0x000234ac       0x1c ./Core/Src/frame_parser.o
 .debug_macro   0x000234c8      0x2c1 ./Core/Src/main.o
 .debug_macro   0x00023789       0x10 ./Core/Src/main.o
 .debug_macro   0x00023799      0x1d9 ./Core/Src/ring_buf.o
 .debug_macro   0x00023972      0x1c9 ./Core/Src/stm32g4xx_hal_msp.o
 .debug_macro   0x00023b3b      0x1d3 ./Core/Src/stm32g4xx_it.o
 .debug_macro   0x00023d0e      0x1ba ./Core/Src/system_stm32g4xx.o
 .debug_macro   0x00023ec8      0x2bf ./Core/Src/usart_dma.o
 .debug_macro   0x00024187      0x208 ./Drivers/STM32G4xx_HAL_Driver/Src/stm32g4xx_hal.o
 .debug_macro   0x0002438f      0x1ba ./Drivers/STM32G4xx_HAL_Driver/Src/stm32g4xx_hal_cortex.o
 .debug_macro   0x00024549      0x1ba ./Drivers/STM32G4xx_HAL_Driver/Src/stm32g4xx_hal_dma.o
 .debug_macro   0x00024703      0x1c1 ./Drivers/STM32G4xx_HAL_Driver/Src/stm32g4xx_hal_gpio.o
 .debug_macro   0x000248c4      0x1e4 ./Drivers/STM32G4xx_HAL_Driver/Src/stm32g4xx_hal_pwr_ex.o
 .debug_macro   0x00024aa8      0x1fc ./Drivers/STM32G4xx_HAL_Driver/Src/stm32g4xx_hal_rcc.o
 .debug_macro   0x00024ca4      0x1e4 ./Drivers/STM32G4xx_HAL_Driver/Src/stm32g4xx_hal_rcc_ex.o
 .debug_macro   0x00024e88      0x1e5 ./Drivers/STM32G4xx_HAL_Driver/Src/stm32g4xx_hal_uart.o
 .debug_macro   0x0002506d      0x1c6 ./Drivers/STM32G4xx_HAL_Driver/Src/stm32g4xx_hal_uart_ex.o

.debug_line     0x00000000     0xee98
 .debug_line    0x00000000      0x5af ./Core/Src/crc8.o
 .debug_line    0x000005af      0x9da ./Core/Src/frame_parser.o
 .debug_line    0x00000f89      0xa3e ./Core/Src/main.o
 .debug_line    0x000019c7      0x7ab ./Core/Src/ring_buf.o
 .debug_line    0x00002172      0x7e7 ./Core/Src/stm32g4xx_hal_msp.o
 .debug_line    0x00002959      0x85b ./Core/Src/stm32g4xx_it.o
 .debug_line    0x000031b4      0x7a5 ./Core/Src/system_stm32g4xx.o
 .debug_line    0x00003959      0xb00 ./Core/Src/usart_dma.o
 .debug_line    0x00004459       0x7b ./Core/Startup/startup_stm32g474retx.o
 .debug_line    0x000044d4      0xb61 ./Drivers/STM32G4xx_HAL_Driver/Src/stm32g4xx_hal.o
 .debug_line    0x00005035      0xcca ./Drivers/STM32G4xx_HAL_Driver/Src/stm32g4xx_hal_cortex.o
 .debug_line    0x00005cff      0xe8b ./Drivers/STM32G4xx_HAL_Driver/Src/stm32g4xx_hal_dma.o
 .debug_line    0x00006b8a      0xb7a ./Drivers/STM32G4xx_HAL_Driver/Src/stm32g4xx_hal_gpio.o
 .debug_line    0x00007704      0xcd0 ./Drivers/STM32G4xx_HAL_Driver/Src/stm32g4xx_hal_pwr_ex.o
 .debug_line    0x000083d4      0xf2c ./Drivers/STM32G4xx_HAL_Driver/Src/stm32g4xx_hal_rcc.o
 .debug_line    0x00009300     0x123c ./Drivers/STM32G4xx_HAL_Driver/Src/stm32g4xx_hal_rcc_ex.o
 .debug_line    0x0000a53c     0x3bd5 ./Drivers/STM32G4xx_HAL_Driver/Src/stm32g4xx_hal_uart.o
 .debug_line    0x0000e111      0xd87 ./Drivers/STM32G4xx_HAL_Driver/Src/stm32g4xx_hal_uart_ex.o

.debug_str      0x00000000    0xe8f79
 .debug_str     0x00000000     0x7026 ./Core/Src/crc8.o
                               0x721c (size before relaxing)
 .debug_str     0x00007026    0xde25c ./Core/Src/frame_parser.o
                              0xe5512 (size before relaxing)
 .debug_str     0x000e5282     0x1057 ./Core/Src/main.o
                              0xe657a (size before relaxing)
 .debug_str     0x000e62d9       0x60 ./Core/Src/ring_buf.o
                              0xe2335 (size before relaxing)
 .debug_str     0x000e6339      0x296 ./Core/Src/stm32g4xx_hal_msp.o
                              0xe32cd (size before relaxing)
 .debug_str     0x000e65cf      0x163 ./Core/Src/stm32g4xx_it.o
                              0xe295c (size before relaxing)
 .debug_str     0x000e6732       0xdb ./Core/Src/system_stm32g4xx.o
                              0xe233c (size before relaxing)
 .debug_str     0x000e680d      0x103 ./Core/Src/usart_dma.o
                              0xe5bc5 (size before relaxing)
 .debug_str     0x000e6910       0x44 ./Core/Startup/startup_stm32g474retx.o
                                 0x7d (size before relaxing)
 .debug_str     0x000e6954      0x5e3 ./Drivers/STM32G4xx_HAL_Driver/Src/stm32g4xx_hal.o
                              0xe304e (size before relaxing)
 .debug_str     0x000e6f37      0x31d ./Drivers/STM32G4xx_HAL_Driver/Src/stm32g4xx_hal_cortex.o
                              0xe2cd2 (size before relaxing)
 .debug_str     0x000e7254      0x2a4 ./Drivers/STM32G4xx_HAL_Driver/Src/stm32g4xx_hal_dma.o
                              0xe2716 (size before relaxing)
 .debug_str     0x000e74f8      0x10a ./Drivers/STM32G4xx_HAL_Driver/Src/stm32g4xx_hal_gpio.o
                              0xe24c7 (size before relaxing)
 .debug_str     0x000e7602      0x4a5 ./Drivers/STM32G4xx_HAL_Driver/Src/stm32g4xx_hal_pwr_ex.o
                              0xe282a (size before relaxing)
 .debug_str     0x000e7aa7      0x506 ./Drivers/STM32G4xx_HAL_Driver/Src/stm32g4xx_hal_rcc.o
                              0xe2a5b (size before relaxing)
 .debug_str     0x000e7fad      0x414 ./Drivers/STM32G4xx_HAL_Driver/Src/stm32g4xx_hal_rcc_ex.o
                              0xe2a85 (size before relaxing)
 .debug_str     0x000e83c1      0x96a ./Drivers/STM32G4xx_HAL_Driver/Src/stm32g4xx_hal_uart.o
                              0xe32f7 (size before relaxing)
 .debug_str     0x000e8d2b      0x24e ./Drivers/STM32G4xx_HAL_Driver/Src/stm32g4xx_hal_uart_ex.o
                              0xe2af5 (size before relaxing)

.comment        0x00000000       0x43
 .comment       0x00000000       0x43 ./Core/Src/crc8.o
                                 0x44 (size before relaxing)
 .comment       0x00000043       0x44 ./Core/Src/frame_parser.o
 .comment       0x00000043       0x44 ./Core/Src/main.o
 .comment       0x00000043       0x44 ./Core/Src/ring_buf.o
 .comment       0x00000043       0x44 ./Core/Src/stm32g4xx_hal_msp.o
 .comment       0x00000043       0x44 ./Core/Src/stm32g4xx_it.o
 .comment       0x00000043       0x44 ./Core/Src/system_stm32g4xx.o
 .comment       0x00000043       0x44 ./Core/Src/usart_dma.o
 .comment       0x00000043       0x44 ./Drivers/STM32G4xx_HAL_Driver/Src/stm32g4xx_hal.o
 .comment       0x00000043       0x44 ./Drivers/STM32G4xx_HAL_Driver/Src/stm32g4xx_hal_cortex.o
 .comment       0x00000043       0x44 ./Drivers/STM32G4xx_HAL_Driver/Src/stm32g4xx_hal_dma.o
 .comment       0x00000043       0x44 ./Drivers/STM32G4xx_HAL_Driver/Src/stm32g4xx_hal_gpio.o
 .comment       0x00000043       0x44 ./Drivers/STM32G4xx_HAL_Driver/Src/stm32g4xx_hal_pwr_ex.o
 .comment       0x00000043       0x44 ./Drivers/STM32G4xx_HAL_Driver/Src/stm32g4xx_hal_rcc.o
 .comment       0x00000043       0x44 ./Drivers/STM32G4xx_HAL_Driver/Src/stm32g4xx_hal_rcc_ex.o
 .comment       0x00000043       0x44 ./Drivers/STM32G4xx_HAL_Driver/Src/stm32g4xx_hal_uart.o
 .comment       0x00000043       0x44 ./Drivers/STM32G4xx_HAL_Driver/Src/stm32g4xx_hal_uart_ex.o

.debug_frame    0x00000000     0x2a7c
 .debug_frame   0x00000000       0x38 ./Core/Src/crc8.o
 .debug_frame   0x00000038       0x58 ./Core/Src/frame_parser.o
 .debug_frame   0x00000090       0xf0 ./Core/Src/main.o
 .debug_frame   0x00000180       0x88 ./Core/Src/ring_buf.o
 .debug_frame   0x00000208       0x80 ./Core/Src/stm32g4xx_hal_msp.o
 .debug_frame   0x00000288      0x174 ./Core/Src/stm32g4xx_it.o
 .debug_frame   0x000003fc       0x58 ./Core/Src/system_stm32g4xx.o
 .debug_frame   0x00000454       0xec ./Core/Src/usart_dma.o
 .debug_frame   0x00000540      0x500 ./Drivers/STM32G4xx_HAL_Driver/Src/stm32g4xx_hal.o
 .debug_frame   0x00000a40      0x498 ./Drivers/STM32G4xx_HAL_Driver/Src/stm32g4xx_hal_cortex.o
 .debug_frame   0x00000ed8      0x24c ./Drivers/STM32G4xx_HAL_Driver/Src/stm32g4xx_hal_dma.o
 .debug_frame   0x00001124      0x14c ./Drivers/STM32G4xx_HAL_Driver/Src/stm32g4xx_hal_gpio.o
 .debug_frame   0x00001270      0x4fc ./Drivers/STM32G4xx_HAL_Driver/Src/stm32g4xx_hal_pwr_ex.o
 .debug_frame   0x0000176c      0x23c ./Drivers/STM32G4xx_HAL_Driver/Src/stm32g4xx_hal_rcc.o
 .debug_frame   0x000019a8      0x2ac ./Drivers/STM32G4xx_HAL_Driver/Src/stm32g4xx_hal_rcc_ex.o
 .debug_frame   0x00001c54      0xa94 ./Drivers/STM32G4xx_HAL_Driver/Src/stm32g4xx_hal_uart.o
 .debug_frame   0x000026e8      0x2c0 ./Drivers/STM32G4xx_HAL_Driver/Src/stm32g4xx_hal_uart_ex.o
 .debug_frame   0x000029a8       0x20 C:/ST/STM32CubeIDE_1.15.1/STM32CubeIDE/plugins/com.st.stm32cube.ide.mcu.externaltools.gnu-tools-for-stm32.12.3.rel1.win32_1.0.100.202403111256/tools/bin/../lib/gcc/arm-none-eabi/12.3.1/../../../../arm-none-eabi/lib/thumb/v7e-m+fp/hard\libc_nano.a(libc_a-memset.o)
 .debug_frame   0x000029c8       0x2c C:/ST/STM32CubeIDE_1.15.1/STM32CubeIDE/plugins/com.st.stm32cube.ide.mcu.externaltools.gnu-tools-for-stm32.12.3.rel1.win32_1.0.100.202403111256/tools/bin/../lib/gcc/arm-none-eabi/12.3.1/../../../../arm-none-eabi/lib/thumb/v7e-m+fp/hard\libc_nano.a(libc_a-init.o)
 .debug_frame   0x000029f4       0x28 C:/ST/STM32CubeIDE_1.15.1/STM32CubeIDE/plugins/com.st.stm32cube.ide.mcu.externaltools.gnu-tools-for-stm32.12.3.rel1.win32_1.0.100.202403111256/tools/bin/../lib/gcc/arm-none-eabi/12.3.1/../../../../arm-none-eabi/lib/thumb/v7e-m+fp/hard\libc_nano.a(libc_a-memcpy-stub.o)
 .debug_frame   0x00002a1c       0x2c C:/ST/STM32CubeIDE_1.15.1/STM32CubeIDE/plugins/com.st.stm32cube.ide.mcu.externaltools.gnu-tools-for-stm32.12.3.rel1.win32_1.0.100.202403111256/tools/bin/../lib/gcc/arm-none-eabi/12.3.1/thumb/v7e-m+fp/hard\libgcc.a(_aeabi_uldivmod.o)
 .debug_frame   0x00002a48       0x34 C:/ST/STM32CubeIDE_1.15.1/STM32CubeIDE/plugins/com.st.stm32cube.ide.mcu.externaltools.gnu-tools-for-stm32.12.3.rel1.win32_1.0.100.202403111256/tools/bin/../lib/gcc/arm-none-eabi/12.3.1/thumb/v7e-m+fp/hard\libgcc.a(_udivmoddi4.o)

.debug_line_str
                0x00000000       0x61
 .debug_line_str
                0x00000000       0x61 ./Core/Startup/startup_stm32g474retx.o
